D:\personal\raven-api-client\src\main\java\com\nephren\raven\apiclient\annotation\RavenApiClient.java
D:\personal\raven-api-client\src\main\java\com\nephren\raven\apiclient\aop\fallback\FallbackMetadata.java
D:\personal\raven-api-client\src\main\java\com\nephren\raven\apiclient\aop\fallback\FallbackMetadataBuilder.java
D:\personal\raven-api-client\src\main\java\com\nephren\raven\apiclient\aop\fallback\RavenApiClientFallback.java
D:\personal\raven-api-client\src\main\java\com\nephren\raven\apiclient\aop\RavenRequestMapping.java
D:\personal\raven-api-client\src\main\java\com\nephren\raven\apiclient\aop\RequestMappingMetadata.java
D:\personal\raven-api-client\src\main\java\com\nephren\raven\apiclient\aop\RequestMappingMetadataBuilder.java
D:\personal\raven-api-client\src\main\java\com\nephren\raven\apiclient\body\ApiBodyResolver.java
D:\personal\raven-api-client\src\main\java\com\nephren\raven\apiclient\body\FormBodyResolver.java
D:\personal\raven-api-client\src\main\java\com\nephren\raven\apiclient\body\JsonBodyResolver.java
D:\personal\raven-api-client\src\main\java\com\nephren\raven\apiclient\body\MultipartBodyResolver.java
D:\personal\raven-api-client\src\main\java\com\nephren\raven\apiclient\configuration\RavenApiClientRegistrar.java
D:\personal\raven-api-client\src\main\java\com\nephren\raven\apiclient\configuration\RavenApiConfiguration.java
D:\personal\raven-api-client\src\main\java\com\nephren\raven\apiclient\exception\RavenApiException.java
D:\personal\raven-api-client\src\main\java\com\nephren\raven\apiclient\interceptor\RavenApiClientMethodInterceptor.java
D:\personal\raven-api-client\src\main\java\com\nephren\raven\apiclient\properties\PropertiesHelper.java
D:\personal\raven-api-client\src\main\java\com\nephren\raven\apiclient\properties\RavenApiClientProperties.java
D:\personal\raven-api-client\src\main\java\com\nephren\raven\apiclient\properties\SchedulerProperties.java
D:\personal\raven-api-client\src\main\java\com\nephren\raven\apiclient\reactor\factory\SchedulerHelperFactoryBean.java
D:\personal\raven-api-client\src\main\java\com\nephren\raven\apiclient\reactor\helper\SchedulerHelper.java
D:\personal\raven-api-client\src\main\java\com\nephren\raven\apiclient\reactor\ReactorConfiguration.java
