D:\personal\raven-api-client\src\test\java\com\nephren\raven\apiclient\RavenApiClientApplication.java
D:\personal\raven-api-client\src\test\java\com\nephren\raven\apiclient\RavenApiClientDeleteTests.java
D:\personal\raven-api-client\src\test\java\com\nephren\raven\apiclient\RavenApiClientGetTests.java
D:\personal\raven-api-client\src\test\java\com\nephren\raven\apiclient\RavenApiClientPatchTests.java
D:\personal\raven-api-client\src\test\java\com\nephren\raven\apiclient\RavenApiClientPostTests.java
D:\personal\raven-api-client\src\test\java\com\nephren\raven\apiclient\RavenApiClientPutTests.java
D:\personal\raven-api-client\src\test\java\com\nephren\raven\apiclient\RavenApiClientSchedulerTests.java
D:\personal\raven-api-client\src\test\java\com\nephren\raven\apiclient\serviceExample\client\DELETEExampleClient.java
D:\personal\raven-api-client\src\test\java\com\nephren\raven\apiclient\serviceExample\client\DELETEExampleClientError.java
D:\personal\raven-api-client\src\test\java\com\nephren\raven\apiclient\serviceExample\client\EmptyExampleClient.java
D:\personal\raven-api-client\src\test\java\com\nephren\raven\apiclient\serviceExample\client\ExampleClientWithFallback.java
D:\personal\raven-api-client\src\test\java\com\nephren\raven\apiclient\serviceExample\client\ExampleClientWithOtherFallback.java
D:\personal\raven-api-client\src\test\java\com\nephren\raven\apiclient\serviceExample\client\fallback\ExampleClientWithFallbackFallback.java
D:\personal\raven-api-client\src\test\java\com\nephren\raven\apiclient\serviceExample\client\fallback\ExampleClientWithFallbackOtherFallback.java
D:\personal\raven-api-client\src\test\java\com\nephren\raven\apiclient\serviceExample\client\fallback\POSTExampleClientFallback.java
D:\personal\raven-api-client\src\test\java\com\nephren\raven\apiclient\serviceExample\client\GETExampleClient.java
D:\personal\raven-api-client\src\test\java\com\nephren\raven\apiclient\serviceExample\client\PATCHExampleClient.java
D:\personal\raven-api-client\src\test\java\com\nephren\raven\apiclient\serviceExample\client\POSTExampleClient.java
D:\personal\raven-api-client\src\test\java\com\nephren\raven\apiclient\serviceExample\client\PUTExampleClient.java
D:\personal\raven-api-client\src\test\java\com\nephren\raven\apiclient\serviceExample\controller\DELETEController.java
D:\personal\raven-api-client\src\test\java\com\nephren\raven\apiclient\serviceExample\controller\GETController.java
D:\personal\raven-api-client\src\test\java\com\nephren\raven\apiclient\serviceExample\controller\PATCHController.java
D:\personal\raven-api-client\src\test\java\com\nephren\raven\apiclient\serviceExample\controller\POSTController.java
D:\personal\raven-api-client\src\test\java\com\nephren\raven\apiclient\serviceExample\controller\PUTController.java
D:\personal\raven-api-client\src\test\java\com\nephren\raven\apiclient\serviceExample\model\ServerRequestBody.java
D:\personal\raven-api-client\src\test\java\com\nephren\raven\apiclient\serviceExample\model\ServerResponseBody.java
D:\personal\raven-api-client\src\test\java\com\nephren\raven\apiclient\serviceExample\server\DELETEServerController.java
D:\personal\raven-api-client\src\test\java\com\nephren\raven\apiclient\serviceExample\server\GETServerController.java
D:\personal\raven-api-client\src\test\java\com\nephren\raven\apiclient\serviceExample\server\PATCHServerController.java
D:\personal\raven-api-client\src\test\java\com\nephren\raven\apiclient\serviceExample\server\POSTServerController.java
D:\personal\raven-api-client\src\test\java\com\nephren\raven\apiclient\serviceExample\server\PUTServerController.java
D:\personal\raven-api-client\src\test\java\com\nephren\raven\apiclient\serviceExample\service\DELETEClientService.java
D:\personal\raven-api-client\src\test\java\com\nephren\raven\apiclient\serviceExample\service\GETClientService.java
D:\personal\raven-api-client\src\test\java\com\nephren\raven\apiclient\serviceExample\service\PATCHClientService.java
D:\personal\raven-api-client\src\test\java\com\nephren\raven\apiclient\serviceExample\service\POSTClientService.java
D:\personal\raven-api-client\src\test\java\com\nephren\raven\apiclient\serviceExample\service\PUTClientService.java
